Copyright 1986-2022 Xilinx, Inc. All Rights Reserved. Copyright 2022-2024 Advanced Micro Devices, Inc. All Rights Reserved.
---------------------------------------------------------------------------------------------------------------------------------------------
| Tool Version : Vivado v.2024.1 (win64) Build 5076996 Wed May 22 18:37:14 MDT 2024
| Date         : Thu Nov 28 18:52:14 2024
| Host         : hiccup running 64-bit major release  (build 9200)
| Command      : report_control_sets -verbose -file top_level_control_sets_placed.rpt
| Design       : top_level
| Device       : xc7a35t
---------------------------------------------------------------------------------------------------------------------------------------------

Control Set Information

Table of Contents
-----------------
1. Summary
2. Histogram
3. Flip-Flop Distribution
4. Detailed Control Set Information

1. Summary
----------

+----------------------------------------------------------+-------+
|                          Status                          | Count |
+----------------------------------------------------------+-------+
| Total control sets                                       |    19 |
|    Minimum number of control sets                        |    19 |
|    Addition due to synthesis replication                 |     0 |
|    Addition due to physical synthesis replication        |     0 |
| Unused register locations in slices containing registers |    62 |
+----------------------------------------------------------+-------+
* Control sets can be merged at opt_design using control_set_merge or merge_equivalent_drivers
** Run report_qor_suggestions for automated merging and remapping suggestions


2. Histogram
------------

+--------------------+-------+
|       Fanout       | Count |
+--------------------+-------+
| Total control sets |    19 |
| >= 0 to < 4        |     2 |
| >= 4 to < 6        |     3 |
| >= 6 to < 8        |     0 |
| >= 8 to < 10       |     3 |
| >= 10 to < 12      |     0 |
| >= 12 to < 14      |     2 |
| >= 14 to < 16      |     0 |
| >= 16              |     9 |
+--------------------+-------+
* Control sets can be remapped at either synth_design or opt_design


3. Flip-Flop Distribution
-------------------------

+--------------+-----------------------+------------------------+-----------------+--------------+
| Clock Enable | Synchronous Set/Reset | Asynchronous Set/Reset | Total Registers | Total Slices |
+--------------+-----------------------+------------------------+-----------------+--------------+
| No           | No                    | No                     |              29 |            9 |
| No           | No                    | Yes                    |               0 |            0 |
| No           | Yes                   | No                     |           10426 |         1744 |
| Yes          | No                    | No                     |              34 |           21 |
| Yes          | No                    | Yes                    |              56 |           15 |
| Yes          | Yes                   | No                     |              41 |           12 |
+--------------+-----------------------+------------------------+-----------------+--------------+


4. Detailed Control Set Information
-----------------------------------

+----------------+-------------------------------------------------+------------------------------------------+------------------+----------------+--------------+
|  Clock Signal  |                  Enable Signal                  |             Set/Reset Signal             | Slice Load Count | Bel Load Count | Bels / Slice |
+----------------+-------------------------------------------------+------------------------------------------+------------------+----------------+--------------+
|  clk_IBUF_BUFG | f/FSM_onehot_state_reg[2]_0                     |                                          |                1 |              1 |         1.00 |
|  clk_IBUF_BUFG | f/FSM_onehot_state_reg[2]_0                     | f/inverse_kinematics_x_reg[0]            |                1 |              1 |         1.00 |
|  clk_IBUF_BUFG | kbc/nolabel_line13/bitcounter                   | kbc/nolabel_line13/bitcounter[3]_i_1_n_0 |                1 |              4 |         4.00 |
|  clk_IBUF_BUFG | pwmm/nolabel_line38/FSM_onehot_state[3]_i_1_n_0 | reset_IBUF                               |                1 |              4 |         4.00 |
|  clk_IBUF_BUFG | f/FSM_onehot_state_reg[2]_0                     | f/FSM_onehot_state_reg[1]_0              |                1 |              4 |         4.00 |
|  clk_IBUF_BUFG | kbc/nolabel_line24/dout[7]_i_1_n_0              |                                          |                2 |              8 |         4.00 |
|  clk_IBUF_BUFG | pwmm/nolabel_line38/a[7]_i_1_n_0                | reset_IBUF                               |                2 |              8 |         4.00 |
|  clk_IBUF_BUFG | kbc/nolabel_line13/rxshiftreg                   |                                          |                2 |              9 |         4.50 |
|  clk_IBUF_BUFG |                                                 | kbc/nolabel_line13/counter[0]_i_1_n_0    |                3 |             12 |         4.00 |
|  clk_IBUF_BUFG | kbc/nolabel_line24/p_0_in0_out                  |                                          |                2 |             12 |         6.00 |
|  clk_IBUF_BUFG | pwmm/count12_out                                | reset_IBUF                               |                5 |             16 |         3.20 |
|  clk_IBUF_BUFG | pwmm/count                                      | pwmm/count[0]_i_1_n_0                    |                4 |             16 |         4.00 |
|  clk_IBUF_BUFG |                                                 | fsmc/elbowPWM/counter[0]_i_1__1_n_0      |                5 |             18 |         3.60 |
|  clk_IBUF_BUFG |                                                 | fsmc/shoulderPWM/clear                   |                5 |             18 |         3.60 |
|  clk_IBUF_BUFG |                                                 |                                          |                9 |             29 |         3.22 |
|  clk_IBUF_BUFG | pwmm/nolabel_line38/count[4]_i_1_n_0            | reset_IBUF                               |               12 |             44 |         3.67 |
|  clk_IBUF_BUFG |                                                 | fsmc/pwme/current_clk_cycles[0]_i_1_n_0  |               64 |            256 |         4.00 |
|  clk_IBUF_BUFG | s_reg[9968][15]_srl32___s_reg_r_30_i_1_n_0      |                                          |             1264 |           5024 |         3.97 |
|  clk_IBUF_BUFG |                                                 | reset_IBUF                               |             1667 |          10122 |         6.07 |
+----------------+-------------------------------------------------+------------------------------------------+------------------+----------------+--------------+


